<?xml version="1.0" encoding="UTF-8"?>
<domain type="kvm">
  <name>vm-min</name>
  <memory unit="KiB">1048576</memory>
  <vcpu>2</vcpu>
  <os>
    <type arch="x86_64" machine="q35">hvm</type>
    <loader readonly="yes" type="pflash">/usr/share/OVMF/OVMF_CODE_4M.fd</loader>
    <nvram template="/usr/share/OVMF/OVMF_VARS_4M.fd"></nvram>
  </os>
  <features>
    <acpi></acpi>
    <apic></apic>
  </features>
  <clock offset="utc"></clock>
  <on_poweroff>destroy</on_poweroff>
  <on_reboot>restart</on_reboot>
  <on_crash>destroy</on_crash>
  <devices>
    <emulator>/usr/bin/qemu-system-x86_64</emulator>
    <disk type="file" device="disk">
      <driver name="qemu" type="qcow2" cache="none"></driver>
      <source file="/var/lib/litevirt/disks/vm-min/root.qcow2"></source>
      <target dev="vda" bus="virtio"></target>
      <boot order="1"></boot>
    </disk>
    <interface type="bridge">
      <mac address="52:54:00:11:22:33"></mac>
      <source bridge="br0"></source>
      <model type="virtio"></model>
    </interface>
    <serial type="pty">
      <target type="isa-serial" port="0"></target>
    </serial>
    <console type="pty">
      <target type="serial" port="0"></target>
    </console>
    <graphics type="vnc" port="-1" autoport="yes">
      <listen type="address" address="127.0.0.1"></listen>
    </graphics>
    <video>
      <model type="virtio"></model>
    </video>
    <memballoon model="virtio"></memballoon>
  </devices>
</domain>